// Jest Snapshot v1, https://goo.gl/fbAQLP

exports[`App renders the app as expected 1`] = `
<h1
  class="app__title"
  data-testid="app-title"
>
  Hello World
</h1>
`;
