// Jest Snapshot v1, https://goo.gl/fbAQLP

exports[`App renders the app as expected 1`] = `
Array [
  <h1
    className="app__title"
    data-testid="app-title"
  >
    Hello World
  </h1>,
  <button
    className="btn btn-primary"
    disabled={false}
    type="button"
  >
    Hello React Start with Bootstrap!
  </button>,
]
`;
